---
source: opml_cli/tests/cli.rs
expression: output
---
error: the following required arguments were not provided:
  --json
  --json-pretty
  --rss

Usage: opml --file <FILE> --json --json-pretty --rss

For more information, try '--help'.

